// Jest Snapshot v1, https://goo.gl/fbAQLP

exports[`should render ExpenseList w/ expenses 1`] = `
<div>
  <ExpenseListItem
    amount={195}
    createdAt={0}
    description="Gum"
    id="1"
    key="1"
  />
  <ExpenseListItem
    amount={109500}
    createdAt={-345600000}
    description="Rent"
    id="2"
    key="2"
  />
  <ExpenseListItem
    amount={4500}
    createdAt={345600000}
    description="Credit Card"
    id="3"
    key="3"
  />
</div>
`;

exports[`should render ExpenseList w/ expenses 2`] = `
<div>
  <p>
    No Expenses
  </p>
</div>
`;
