// Jest Snapshot v1, https://goo.gl/fbAQLP

exports[`should render ExpenseListItem 1`] = `
<div>
  404! NOT FOUND - 
  <Link
    replace={false}
    to="/"
  >
     Go Home
  </Link>
</div>
`;
